// Jest Snapshot v1, https://goo.gl/fbAQLP

exports[`Pruebas de GifGrid Deber√≠a matchear con el snapshot  1`] = `
<Fragment>
  <h3
    className="category"
  >
    algo
  </h3>
  <p
    className="animate__animated animate__flip"
  >
    Loading
  </p>
  <div
    className="card-grid"
  />
</Fragment>
`;
