// Jest Snapshot v1, https://goo.gl/fbAQLP

exports[`Pruebas en <GifGridItem/> should show component 1`] = `
<div
  className="card animate__animated animate__fadeIn"
>
  <img
    alt="untitulo"
    src="https://localhost:3000"
  />
  <p>
    untitulo
  </p>
</div>
`;
